// Jest Snapshot v1, https://goo.gl/fbAQLP

exports[`DashboardPage component renders correctly 1`] = `
<main>
  <div>
    DASHBOARD
  </div>
</main>
`;
